ESP-ROM:esp32c3-api1-20210207
Build:Feb  7 2021
rst:0x1 (POWERON),boot:0xf (SPI_FAST_FLASH_BOOT)
SPIWP:0xee
mode:DIO, clock div:1
load:0x3fcd5820,len:0x1738
load:0x403cc710,len:0xb9c
load:0x403ce710,len:0x2e40
entry 0x403cc71a
[0;32mI (30) boot: ESP-IDF v5.2.1-dirty 2nd stage bootloader[0m
[0;32mI (30) boot: compile time Jun  4 2024 01:39:13[0m
[0;32mI (30) boot: chip revision: v0.3[0m
[0;32mI (34) boot.esp32c3: SPI Speed      : 80MHz[0m
[0;32mI (39) boot.esp32c3: SPI Mode       : DIO[0m
[0;32mI (43) boot.esp32c3: SPI Flash Size : 2MB[0m
[0;32mI (48) boot: Enabling RNG early entropy source...[0m
[0;32mI (53) boot: Partition Table:[0m
[0;32mI (57) boot: ## Label            Usage          Type ST Offset   Length[0m
[0;32mI (64) boot:  0 nvs              WiFi data        01 02 00009000 00006000[0m
[0;32mI (72) boot:  1 phy_init         RF data          01 01 0000f000 00001000[0m
[0;32mI (79) boot:  2 factory          factory app      00 00 00010000 00100000[0m
[0;32mI (87) boot: End of partition table[0m
[0;32mI (91) esp_image: segment 0: paddr=00010020 vaddr=3c020020 size=0b208h ( 45576) map[0m
[0;32mI (106) esp_image: segment 1: paddr=0001b230 vaddr=3fc8b600 size=01274h (  4724) load[0m
[0;32mI (109) esp_image: segment 2: paddr=0001c4ac vaddr=40380000 size=03b6ch ( 15212) load[0m
[0;32mI (119) esp_image: segment 3: paddr=00020020 vaddr=42000020 size=1b3e8h (111592) map[0m
[0;32mI (142) esp_image: segment 4: paddr=0003b410 vaddr=40383b6c size=078ach ( 30892) load[0m
[0;32mI (151) boot: Loaded app from partition at offset 0x10000[0m
[0;32mI (152) boot: Disabling RNG early entropy source...[0m
[0;32mI (163) cpu_start: Unicore app[0m
[0;32mI (172) cpu_start: Pro cpu start user code[0m
[0;32mI (172) cpu_start: cpu freq: 160000000 Hz[0m
[0;32mI (172) cpu_start: Application information:[0m
[0;32mI (175) cpu_start: Project name:     bme280_test[0m
[0;32mI (180) cpu_start: App version:      563c37d-dirty[0m
[0;32mI (186) cpu_start: Compile time:     Jun  4 2024 01:38:54[0m
[0;32mI (192) cpu_start: ELF file SHA256:  9ff671251...[0m
[0;32mI (197) cpu_start: ESP-IDF:          v5.2.1-dirty[0m
[0;32mI (202) cpu_start: Min chip rev:     v0.3[0m
[0;32mI (207) cpu_start: Max chip rev:     v1.99 [0m
[0;32mI (212) cpu_start: Chip rev:         v0.3[0m
[0;32mI (217) heap_init: Initializing. RAM available for dynamic allocation:[0m
[0;32mI (224) heap_init: At 3FC8D820 len 000327E0 (201 KiB): RAM[0m
[0;32mI (230) heap_init: At 3FCC0000 len 0001C710 (113 KiB): Retention RAM[0m
[0;32mI (237) heap_init: At 3FCDC710 len 00002950 (10 KiB): Retention RAM[0m
[0;32mI (244) heap_init: At 50000010 len 00001FD8 (7 KiB): RTCRAM[0m
[0;32mI (251) spi_flash: detected chip: generic[0m
[0;32mI (255) spi_flash: flash io: dio[0m
[0;33mW (259) spi_flash: Detected size(4096k) larger than the size in the binary image header(2048k). Using the size in the binary image header.[0m
[0;32mI (272) sleep: Configure to isolate all GPIO pins in sleep state[0m
[0;32mI (279) sleep: Enable automatic switching of GPIO sleep configuration[0m
[0;32mI (286) main_task: Started on CPU0[0m
[0;32mI (286) main_task: Calling app_main()[0m
[0;32mI (286) gpio: GPIO[3]| InputEn: 1| OutputEn: 1| OpenDrain: 1| Pullup: 1| Pulldown: 0| Intr:0 [0m
[0;32mI (296) gpio: GPIO[2]| InputEn: 1| OutputEn: 1| OpenDrain: 1| Pullup: 1| Pulldown: 0| Intr:0 [0m
[0;32mI (306) BME280: BME280 set sensor settings success[0m
Sensor ID: 60
Sensor Mode: 0
osrs_t: 3
osrs_p: 2
osrs_h: 5
standby_time: 4
filter: 1

Pressure: 2.713945
Temperature: 22.870001
Humidity: 76.425781

[0;32mI (2316) BME280: BME280 set sensor mode success[0m
Sensor ID: 60
Sensor Mode: 0
osrs_t: 3
osrs_p: 2
osrs_h: 5
standby_time: 4
filter: 1

Pressure: 2.812227
Temperature: 22.870001
Humidity: 76.425781

Sensor ID: 60
Sensor Mode: 0
osrs_t: 3
osrs_p: 2
osrs_h: 5
standby_time: 4
filter: 1

Pressure: 2.812227
Temperature: 22.870001
Humidity: 76.425781

[0;32mI (4316) BME280: BME280 set sensor mode success[0m
Sensor ID: 60
Sensor Mode: 3
osrs_t: 3
osrs_p: 2
osrs_h: 5
standby_time: 4
filter: 1

Pressure: 2.812227
Temperature: 22.870001
Humidity: 76.425781

Sensor ID: 60
Sensor Mode: 3
osrs_t: 3
osrs_p: 2
osrs_h: 5
standby_time: 4
filter: 1

Pressure: 3.931953
Temperature: 28.820000
Humidity: 45.731445

[0;32mI (6316) BME280: BME280 set sensor mode success[0m
Sensor ID: 60
Sensor Mode: 0
osrs_t: 3
osrs_p: 2
osrs_h: 5
standby_time: 4
filter: 1

Pressure: 3.968555
Temperature: 28.830000
Humidity: 46.180664

Sensor ID: 60
Sensor Mode: 0
osrs_t: 3
osrs_p: 2
osrs_h: 5
standby_time: 4
filter: 1

Pressure: 3.968555
Temperature: 28.830000
Humidity: 46.180664

[0;32mI (8316) BME280: BME280 set sensor mode success[0m
Sensor ID: 60
Sensor Mode: 3
osrs_t: 3
osrs_p: 2
osrs_h: 5
standby_time: 4
filter: 1

Pressure: 3.968555
Temperature: 28.830000
Humidity: 46.180664

Sensor ID: 60
Sensor Mode: 3
osrs_t: 3
osrs_p: 2
osrs_h: 5
standby_time: 4
filter: 1

Pressure: 3.960195
Temperature: 30.190001
Humidity: 49.234375

[0;32mI (10316) BME280: BME280 set sensor mode success[0m
Sensor ID: 60
Sensor Mode: 0
osrs_t: 3
osrs_p: 2
osrs_h: 5
standby_time: 4
filter: 1

Pressure: 3.965703
Temperature: 30.660000
Humidity: 49.909180

Sensor ID: 60
Sensor Mode: 0
osrs_t: 3
osrs_p: 2
osrs_h: 5
standby_time: 4
filter: 1

Pressure: 3.968594
Temperature: 30.660000
Humidity: 49.909180

[0;32mI (12316) BME280: BME280 set sensor mode success[0m
Sensor ID: 60
Sensor Mode: 3
osrs_t: 3
osrs_p: 2
osrs_h: 5
standby_time: 4
filter: 1

Pressure: 3.968594
Temperature: 30.660000
Humidity: 49.909180

